// Jest Snapshot v1, https://goo.gl/fbAQLP

exports[`renders Dashboard component correctly 1`] = `
<Context.Provider
  value={
    Object {
      "breakpoints": Object {
        "desktop": "(min-width: 2560px)",
        "laptop": "(min-width: 1024px)",
        "laptopL": "(min-width: 1440px)",
        "mobileL": "(min-width: 425px)",
        "mobileM": "(min-width: 375px)",
        "mobileS": "(min-width: 320px)",
        "tablet": "(min-width: 768px)",
      },
      "colors": Object {
        "black": "#2E2E2E",
        "cherryRed": "#F62F5E",
        "darkGrey": "#EFEFEF",
        "inputBorder": "#E1E1E1",
        "lightBlack": "#6C6C6C",
        "lightGrey": "#F7F7F7",
        "lighterBlack": "#B4B4B4",
        "limeYellow": "#EFFC90",
        "paleGreen": "#00D3CA",
        "rustyGold": "#F1AD3D",
        "skyBlue": "#1E90FF",
        "white": "#FFFFFF",
      },
      "misc": Object {
        "darkMode": false,
      },
      "radius": Object {
        "default": 8,
        "double": 16,
        "full": 100,
        "half": 60,
      },
      "shadow": Object {
        "default": "0px 1px 4px #E5E9F2",
        "medium": "-4px 0 12px rgba(0, 0, 0, 0.3)",
      },
      "spacing": Object {
        "default": 32,
        "huge": 96,
        "large": 48,
        "medium": 24,
        "small": 16,
        "xlarge": 64,
        "xsmall": 8,
      },
      "typography": Object {
        "fontFamily": "Roboto-Regular",
        "h1": Object {
          "color": "#2E2E2E",
          "fontFamily": "Roboto-Bold",
          "fontSize": 56,
          "letterSpacing": 0,
          "lineHeight": 56,
          "textAlign": "left",
          "textTransform": "uppercase",
        },
        "h2": Object {
          "color": "#2E2E2E",
          "fontFamily": "Roboto-Medium",
          "fontSize": 44,
          "letterSpacing": 0,
          "lineHeight": 56,
          "textAlign": "left",
          "textTransform": "none",
        },
        "h3": Object {
          "color": "#2E2E2E",
          "fontFamily": "Roboto-Regular",
          "fontSize": 32,
          "letterSpacing": 0,
          "lineHeight": 56,
          "textAlign": "left",
          "textTransform": "none",
        },
        "h4": Object {
          "fontFamily": "Roboto-Medium",
          "fontSize": 40,
          "letterSpacing": 0,
          "lineHeight": 44,
          "textAlign": "left",
          "textTransform": "none",
        },
        "h5": Object {
          "fontFamily": "Roboto-Medium",
          "fontSize": 36,
          "letterSpacing": 0,
          "lineHeight": 40,
          "textAlign": "left",
          "textTransform": "none",
        },
        "h6": Object {
          "fontFamily": "Roboto-Medium",
          "fontSize": 32,
          "letterSpacing": 0,
          "lineHeight": 36,
          "textAlign": "left",
          "textTransform": "none",
        },
        "p1": Object {
          "fontFamily": "Roboto-Regular",
          "fontSize": 56,
          "letterSpacing": 0,
          "lineHeight": 60,
          "textAlign": "left",
          "textTransform": "none",
        },
        "p2": Object {
          "fontFamily": "Roboto-Regular",
          "fontSize": 52,
          "letterSpacing": 0,
          "lineHeight": 56,
          "textAlign": "left",
          "textTransform": "none",
        },
        "p3": Object {
          "fontFamily": "Roboto-Regular",
          "fontSize": 48,
          "letterSpacing": 0,
          "lineHeight": 52,
          "textAlign": "left",
          "textTransform": "none",
        },
        "p4": Object {
          "fontFamily": "Roboto-Regular",
          "fontSize": 40,
          "letterSpacing": 0,
          "lineHeight": 44,
          "textAlign": "left",
          "textTransform": "none",
        },
        "p5": Object {
          "fontFamily": "Roboto-Regular",
          "fontSize": 36,
          "letterSpacing": 0,
          "lineHeight": 40,
          "textAlign": "left",
          "textTransform": "none",
        },
        "p6": Object {
          "fontFamily": "Roboto-Regular",
          "fontSize": 32,
          "letterSpacing": 0,
          "lineHeight": 36,
          "textAlign": "left",
          "textTransform": "none",
        },
        "text": Object {
          "color": "#2E2E2E",
          "fontFamily": "Roboto-Regular",
          "fontSize": 28,
          "letterSpacing": 0,
          "lineHeight": 40,
          "textAlign": "left",
          "textTransform": "none",
        },
      },
      "zIndex": Object {
        "dropdown": 100,
        "modal": 300,
        "pageFooter": 200,
      },
    }
  }
>
  <Dashboard />
</Context.Provider>
`;
